[    0.000000] Initializing cgroup subsys cpuset
[    0.000000] Initializing cgroup subsys cpu
[    0.000000] Initializing cgroup subsys cpuacct
[    0.000000] Linux version 4.4.0-89-generic (buildd@lgw01-18) (gcc version 5.4.0 20160609 (Ubuntu 5.4.0-6ubuntu1~16.04.4) ) #112-Ubuntu SMP Mon Jul 31 19:38:41 UTC 2017 (Ubuntu 4.4.0-89.112-generic 4.4.76)
[    0.000000] Command line: BOOT_IMAGE=/boot/vmlinuz-4.4.0-89-generic root=LABEL=cloudimg-rootfs ro console=tty1 console=ttyS0
[    0.000000] KERNEL supported cpus:
[    0.000000]   Intel GenuineIntel
[    0.000000]   AMD AuthenticAMD
[    0.000000]   Centaur CentaurHauls
[    0.000000] x86/fpu: xstate_offset[2]:  576, xstate_sizes[2]:  256
[    0.000000] x86/fpu: Supporting XSAVE feature 0x01: 'x87 floating point registers'
[    0.000000] x86/fpu: Supporting XSAVE feature 0x02: 'SSE registers'
[    0.000000] x86/fpu: Supporting XSAVE feature 0x04: 'AVX registers'
[    0.000000] x86/fpu: Enabled xstate features 0x7, context size is 832 bytes, using 'standard' format.
[    0.000000] x86/fpu: Using 'lazy' FPU context switches.
[    0.000000] e820: BIOS-provided physical RAM map:
[    0.000000] BIOS-e820: [mem 0x0000000000000000-0x000000000009fbff] usable
[    0.000000] BIOS-e820: [mem 0x000000000009fc00-0x000000000009ffff] reserved
[    0.000000] BIOS-e820: [mem 0x00000000000f0000-0x00000000000fffff] reserved
[    0.000000] BIOS-e820: [mem 0x0000000000100000-0x000000003ffeffff] usable
[    0.000000] BIOS-e820: [mem 0x000000003fff0000-0x000000003fffffff] ACPI data
[    0.000000] BIOS-e820: [mem 0x00000000fec00000-0x00000000fec00fff] reserved
[    0.000000] BIOS-e820: [mem 0x00000000fee00000-0x00000000fee00fff] reserved
[    0.000000] BIOS-e820: [mem 0x00000000fffc0000-0x00000000ffffffff] reserved
[    0.000000] NX (Execute Disable) protection: active
[    0.000000] SMBIOS 2.5 present.
[    0.000000] Hypervisor detected: KVM
[    0.000000] e820: last_pfn = 0x3fff0 max_arch_pfn = 0x400000000
[    0.000000] MTRR: Disabled
[    0.000000] x86/PAT: MTRRs disabled, skipping PAT initialization too.
[    0.000000] x86/PAT: Configuration [0-7]: WB  WT  UC- UC  WB  WT  UC- UC  
[    0.000000] CPU MTRRs all blank - virtualized system.
[    0.000000] found SMP MP-table at [mem 0x0009fff0-0x0009ffff] mapped at [ffff88000009fff0]
[    0.000000] Scanning 1 areas for low memory corruption
[    0.000000] RAMDISK: [mem 0x36ac4000-0x37559fff]
[    0.000000] ACPI: Early table checksum verification disabled
[    0.000000] ACPI: RSDP 0x00000000000E0000 000024 (v02 VBOX  )
[    0.000000] ACPI: XSDT 0x000000003FFF0030 00003C (v01 VBOX   VBOXXSDT 00000001 ASL  00000061)
[    0.000000] ACPI: FACP 0x000000003FFF00F0 0000F4 (v04 VBOX   VBOXFACP 00000001 ASL  00000061)
[    0.000000] ACPI: DSDT 0x000000003FFF0470 0021C8 (v02 VBOX   VBOXBIOS 00000002 INTL 20100528)
[    0.000000] ACPI: FACS 0x000000003FFF0200 000040
[    0.000000] ACPI: FACS 0x000000003FFF0200 000040
[    0.000000] ACPI: APIC 0x000000003FFF0240 00005C (v02 VBOX   VBOXAPIC 00000001 ASL  00000061)
[    0.000000] ACPI: SSDT 0x000000003FFF02A0 0001CC (v01 VBOX   VBOXCPUT 00000002 INTL 20100528)
[    0.000000] No NUMA configuration found
[    0.000000] Faking a node at [mem 0x0000000000000000-0x000000003ffeffff]
[    0.000000] NODE_DATA(0) allocated [mem 0x3ffeb000-0x3ffeffff]
[    0.000000] kvm-clock: Using msrs 4b564d01 and 4b564d00
[    0.000000] kvm-clock: cpu 0, msr 0:3ffe3001, primary cpu clock
[    0.000000] kvm-clock: using sched offset of 3478565589 cycles
[    0.000000] clocksource: kvm-clock: mask: 0xffffffffffffffff max_cycles: 0x1cd42e4dffb, max_idle_ns: 881590591483 ns
[    0.000000] Zone ranges:
[    0.000000]   DMA      [mem 0x0000000000001000-0x0000000000ffffff]
[    0.000000]   DMA32    [mem 0x0000000001000000-0x000000003ffeffff]
[    0.000000]   Normal   empty
[    0.000000]   Device   empty
[    0.000000] Movable zone start for each node
[    0.000000] Early memory node ranges
[    0.000000]   node   0: [mem 0x0000000000001000-0x000000000009efff]
[    0.000000]   node   0: [mem 0x0000000000100000-0x000000003ffeffff]
[    0.000000] Initmem setup node 0 [mem 0x0000000000001000-0x000000003ffeffff]
[    0.000000] ACPI: PM-Timer IO Port: 0x4008
[    0.000000] IOAPIC[0]: apic_id 2, version 32, address 0xfec00000, GSI 0-23
[    0.000000] ACPI: INT_SRC_OVR (bus 0 bus_irq 0 global_irq 2 dfl dfl)
[    0.000000] ACPI: INT_SRC_OVR (bus 0 bus_irq 9 global_irq 9 high level)
[    0.000000] Using ACPI (MADT) for SMP configuration information
[    0.000000] smpboot: Allowing 2 CPUs, 0 hotplug CPUs
[    0.000000] PM: Registered nosave memory: [mem 0x00000000-0x00000fff]
[    0.000000] PM: Registered nosave memory: [mem 0x0009f000-0x0009ffff]
[    0.000000] PM: Registered nosave memory: [mem 0x000a0000-0x000effff]
[    0.000000] PM: Registered nosave memory: [mem 0x000f0000-0x000fffff]
[    0.000000] e820: [mem 0x40000000-0xfebfffff] available for PCI devices
[    0.000000] Booting paravirtualized kernel on KVM
[    0.000000] clocksource: refined-jiffies: mask: 0xffffffff max_cycles: 0xffffffff, max_idle_ns: 7645519600211568 ns
[    0.000000] setup_percpu: NR_CPUS:512 nr_cpumask_bits:512 nr_cpu_ids:2 nr_node_ids:1
[    0.000000] PERCPU: Embedded 33 pages/cpu @ffff88003fc00000 s98264 r8192 d28712 u1048576
[    0.000000] PV qspinlock hash table entries: 256 (order: 0, 4096 bytes)
[    0.000000] Built 1 zonelists in Node order, mobility grouping on.  Total pages: 257913
[    0.000000] Policy zone: DMA32
[    0.000000] Kernel command line: BOOT_IMAGE=/boot/vmlinuz-4.4.0-89-generic root=LABEL=cloudimg-rootfs ro console=tty1 console=ttyS0
[    0.000000] PID hash table entries: 4096 (order: 3, 32768 bytes)
[    0.000000] Memory: 1001736K/1048120K available (8474K kernel code, 1294K rwdata, 3984K rodata, 1488K init, 1316K bss, 46384K reserved, 0K cma-reserved)
[    0.000000] SLUB: HWalign=64, Order=0-3, MinObjects=0, CPUs=2, Nodes=1
[    0.000000] Hierarchical RCU implementation.
[    0.000000] 	Build-time adjustment of leaf fanout to 64.
[    0.000000] 	RCU restricting CPUs from NR_CPUS=512 to nr_cpu_ids=2.
[    0.000000] RCU: Adjusting geometry for rcu_fanout_leaf=64, nr_cpu_ids=2
[    0.000000] NR_IRQS:33024 nr_irqs:440 16
[    0.000000] Console: colour VGA+ 80x25
[    0.000000] console [tty1] enabled
[    0.000000] console [ttyS0] enabled
[    0.000000] tsc: Detected 1599.999 MHz processor
[    1.218379] Calibrating delay loop (skipped) preset value.. 3199.99 BogoMIPS (lpj=6399996)
[    1.234712] pid_max: default: 32768 minimum: 301
[    1.241057] ACPI: Core revision 20150930
[    1.243687] ACPI: 2 ACPI AML tables successfully acquired and loaded
[    1.245696] Security Framework initialized
[    1.247083] Yama: becoming mindful.
[    1.248182] AppArmor: AppArmor initialized
[    1.249466] Dentry cache hash table entries: 131072 (order: 8, 1048576 bytes)
[    1.251909] Inode-cache hash table entries: 65536 (order: 7, 524288 bytes)
[    1.258714] Mount-cache hash table entries: 2048 (order: 2, 16384 bytes)
[    1.278985] Mountpoint-cache hash table entries: 2048 (order: 2, 16384 bytes)
[    1.280842] Initializing cgroup subsys io
[    1.282244] Initializing cgroup subsys memory
[    1.305042] Initializing cgroup subsys devices
[    1.318467] Initializing cgroup subsys freezer
[    1.362169] Initializing cgroup subsys net_cls
[    1.407815] Initializing cgroup subsys perf_event
[    1.452511] Initializing cgroup subsys net_prio
[    1.496233] Initializing cgroup subsys hugetlb
[    1.543521] Initializing cgroup subsys pids
[    1.599209] CPU: Physical Processor ID: 0
[    1.610036] CPU: Processor Core ID: 0
[    1.663372] mce: CPU supports 0 MCE banks
[    1.694697] Last level iTLB entries: 4KB 64, 2MB 8, 4MB 8
[    1.719397] Last level dTLB entries: 4KB 64, 2MB 0, 4MB 0, 1GB 4
[    1.795832] Freeing SMP alternatives memory: 32K (ffffffff820b9000 - ffffffff820c1000)
[    1.880928] ftrace: allocating 32131 entries in 126 pages
[    1.963873] smpboot: APIC(0) Converting physical 0 to logical package 0
[    2.050647] smpboot: Max logical packages: 1
[    2.093607] x2apic enabled
[    2.102585] Switched APIC routing to physical x2apic.
[    2.143750] ..TIMER: vector=0x30 apic1=0 pin1=2 apic2=-1 pin2=-1
[    2.253741] smpboot: CPU0: Intel(R) Core(TM) i5-5250U CPU @ 1.60GHz (family: 0x6, model: 0x3d, stepping: 0x4)
[    2.265199] Performance Events: unsupported p6 CPU model 61 no PMU driver, software events only.
[    2.271636] KVM setup paravirtual spinlock
[    2.306936] x86: Booting SMP configuration:
[    2.318880] .... node  #0, CPUs:      #1
[    2.324013] kvm-clock: cpu 1, msr 0:3ffe3041, secondary cpu clock
[    2.348679] mce: CPU supports 0 MCE banks
[    2.377584] x86: Booted up 1 node, 2 CPUs
[    2.382617] smpboot: Total of 2 processors activated (6399.99 BogoMIPS)
[    2.388783] devtmpfs: initialized
[    2.394290] evm: security.selinux
[    2.409017] evm: security.SMACK64
[    2.421423] evm: security.SMACK64EXEC
[    2.462758] evm: security.SMACK64TRANSMUTE
[    2.470518] evm: security.SMACK64MMAP
[    2.471526] evm: security.ima
[    2.498058] evm: security.capability
[    2.505242] clocksource: jiffies: mask: 0xffffffff max_cycles: 0xffffffff, max_idle_ns: 7645041785100000 ns
[    2.509028] futex hash table entries: 512 (order: 3, 32768 bytes)
[    2.513704] pinctrl core: initialized pinctrl subsystem
[    2.532544] RTC time: 15:06:21, date: 08/17/17
[    2.596555] NET: Registered protocol family 16
[    2.623906] cpuidle: using governor ladder
[    2.699012] cpuidle: using governor menu
[    2.742268] PCCT header not found.
[    2.767084] ACPI: bus type PCI registered
[    2.812185] acpiphp: ACPI Hot Plug PCI Controller Driver version: 0.5
[    2.852233] PCI: Using configuration type 1 for base access
[    2.922941] ACPI: Added _OSI(Module Device)
[    2.953357] ACPI: Added _OSI(Processor Device)
[    2.994587] ACPI: Added _OSI(3.0 _SCP Extensions)
[    3.044613] ACPI: Added _OSI(Processor Aggregator Device)
[    3.089484] ACPI: Executed 1 blocks of module-level executable AML code
[    3.131922] ACPI: Interpreter enabled
[    3.153773] ACPI: (supports S0 S5)
[    3.154862] ACPI: Using IOAPIC for interrupt routing
[    3.203912] PCI: Using host bridge windows from ACPI; if necessary, use "pci=nocrs" and report a bug
[    3.228190] ACPI: PCI Root Bridge [PCI0] (domain 0000 [bus 00-ff])
[    3.247067] acpi PNP0A03:00: _OSC: OS supports [ASPM ClockPM Segments MSI]
[    3.248932] acpi PNP0A03:00: _OSC failed (AE_NOT_FOUND); disabling ASPM
[    3.250772] acpi PNP0A03:00: fail to add MMCONFIG information, can't access extended PCI configuration space under this bridge.
[    3.291357] PCI host bridge to bus 0000:00
[    3.309152] pci_bus 0000:00: root bus resource [io  0x0000-0x0cf7 window]
[    3.311230] pci_bus 0000:00: root bus resource [io  0x0d00-0xffff window]
[    3.319754] pci_bus 0000:00: root bus resource [mem 0x000a0000-0x000bffff window]
[    3.321974] pci_bus 0000:00: root bus resource [mem 0x40000000-0xffdfffff window]
[    3.324169] pci_bus 0000:00: root bus resource [bus 00-ff]
[    3.327751] pci 0000:00:01.1: legacy IDE quirk: reg 0x10: [io  0x01f0-0x01f7]
[    3.381524] pci 0000:00:01.1: legacy IDE quirk: reg 0x14: [io  0x03f6]
[    3.394614] pci 0000:00:01.1: legacy IDE quirk: reg 0x18: [io  0x0170-0x0177]
[    3.407775] pci 0000:00:01.1: legacy IDE quirk: reg 0x1c: [io  0x0376]
[    3.433779] pci 0000:00:07.0: quirk: [io  0x4000-0x403f] claimed by PIIX4 ACPI
[    3.444684] pci 0000:00:07.0: quirk: [io  0x4100-0x410f] claimed by PIIX4 SMB
[    3.492443] ACPI: PCI Interrupt Link [LNKA] (IRQs 5 9 10 *11)
[    3.528547] ACPI: PCI Interrupt Link [LNKB] (IRQs 5 9 10 *11)
[    3.572761] ACPI: PCI Interrupt Link [LNKC] (IRQs 5 9 *10 11)
[    3.576278] ACPI: PCI Interrupt Link [LNKD] (IRQs 5 *9 10 11)
[    3.615592] ACPI: Enabled 2 GPEs in block 00 to 07
[    3.630328] vgaarb: setting as boot device: PCI:0000:00:02.0
[    3.638632] vgaarb: device added: PCI:0000:00:02.0,decodes=io+mem,owns=io+mem,locks=none
[    3.641092] vgaarb: loaded
[    3.644329] vgaarb: bridge control possible 0000:00:02.0
[    3.704581] SCSI subsystem initialized
[    3.729134] ACPI: bus type USB registered
[    3.786068] usbcore: registered new interface driver usbfs
[    3.802094] usbcore: registered new interface driver hub
[    3.835338] usbcore: registered new device driver usb
[    3.868035] PCI: Using ACPI for IRQ routing
[    3.876697] NetLabel: Initializing
[    3.899103] NetLabel:  domain hash size = 128
[    3.906985] NetLabel:  protocols = UNLABELED CIPSOv4
[    3.918128] NetLabel:  unlabeled traffic allowed by default
[    3.936794] amd_nb: Cannot enumerate AMD northbridges
[    3.941555] clocksource: Switched to clocksource kvm-clock
[    3.961998] AppArmor: AppArmor Filesystem Enabled
[    3.963945] pnp: PnP ACPI init
[    3.976058] pnp: PnP ACPI: found 3 devices
[    3.993718] clocksource: acpi_pm: mask: 0xffffff max_cycles: 0xffffff, max_idle_ns: 2085701024 ns
[    4.015243] NET: Registered protocol family 2
[    4.026050] TCP established hash table entries: 8192 (order: 4, 65536 bytes)
[    4.031313] TCP bind hash table entries: 8192 (order: 5, 131072 bytes)
[    4.039669] TCP: Hash tables configured (established 8192 bind 8192)
[    4.042426] UDP hash table entries: 512 (order: 2, 16384 bytes)
[    4.045378] UDP-Lite hash table entries: 512 (order: 2, 16384 bytes)
[    4.052338] NET: Registered protocol family 1
[    4.078659] pci 0000:00:00.0: Limiting direct PCI/PCI transfers
[    4.080161] pci 0000:00:01.0: Activating ISA DMA hang workarounds
[    4.100524] Unpacking initramfs...
[    6.441907] Freeing initrd memory: 10840K (ffff880036ac4000 - ffff88003755a000)
[    6.589748] RAPL PMU detected, API unit is 2^-32 Joules, 4 fixed counters 10737418240 ms ovfl timer
[    6.719434] hw unit of domain pp0-core 2^-0 Joules
[    6.752600] hw unit of domain package 2^-0 Joules
[    6.753919] hw unit of domain dram 2^-0 Joules
[    6.836187] hw unit of domain pp1-gpu 2^-0 Joules
[    6.871850] platform rtc_cmos: registered platform RTC device (no PNP device found)
[    6.930424] Scanning for low memory corruption every 60 seconds
[    6.963955] audit: initializing netlink subsys (disabled)
[    7.009292] audit: type=2000 audit(1502982387.205:1): initialized
[    7.083287] Initialise system trusted keyring
[    7.093630] HugeTLB registered 2 MB page size, pre-allocated 0 pages
[    7.135852] zbud: loaded
[    7.172504] VFS: Disk quotas dquot_6.6.0
[    7.214642] VFS: Dquot-cache hash table entries: 512 (order 0, 4096 bytes)
[    7.305259] squashfs: version 4.0 (2009/01/31) Phillip Lougher
[    7.361806] fuse init (API version 7.23)
[    7.423374] Key type big_key registered
[    7.462410] Allocating IMA MOK and blacklist keyrings.
[    7.514694] Key type asymmetric registered
[    7.574199] Asymmetric key parser 'x509' registered
[    7.610696] Block layer SCSI generic (bsg) driver version 0.4 loaded (major 249)
[    7.653040] io scheduler noop registered
[    7.689199] io scheduler deadline registered (default)
[    7.794279] io scheduler cfq registered
[    7.842583] pci_hotplug: PCI Hot Plug PCI Core version: 0.5
[    7.922028] pciehp: PCI Express Hot Plug Controller Driver version: 0.4
[    7.926324] tsc: Refined TSC clocksource calibration: 1600.006 MHz
[    7.926326] clocksource: tsc: mask: 0xffffffffffffffff max_cycles: 0x17102a9013a, max_idle_ns: 440795228508 ns
[    8.052622] ACPI: AC Adapter [AC] (off-line)
[    8.082459] input: Power Button as /devices/LNXSYSTM:00/LNXPWRBN:00/input/input0
[    8.162634] ACPI: Power Button [PWRF]
[    8.185678] input: Sleep Button as /devices/LNXSYSTM:00/LNXSLPBN:00/input/input1
[    8.219936] ACPI: Sleep Button [SLPF]
[    8.225790] GHES: HEST is not enabled!
[    8.226720] ACPI: Battery Slot [BAT0] (battery present)
[    8.392298] Serial: 8250/16550 driver, 32 ports, IRQ sharing enabled
ÿ[    8.530438] 00:02: ttyS0 at I/O 0x3f8 (irq = 4, base_baud = 115200) is a 16550A
[    8.555341] Linux agpgart interface v0.103
[    8.588441] loop: module loaded
[    8.637511] scsi host0: ata_piix
[    8.665265] scsi host1: ata_piix
[    8.693644] ata1: PATA max UDMA/33 cmd 0x1f0 ctl 0x3f6 bmdma 0xd000 irq 14
[    8.774086] ata2: PATA max UDMA/33 cmd 0x170 ctl 0x376 bmdma 0xd008 irq 15
[    8.811797] libphy: Fixed MDIO Bus: probed
[    8.831693] tun: Universal TUN/TAP device driver, 1.6
[    8.868044] tun: (C) 1999-2004 Max Krasnyansky <maxk@qualcomm.com>
[    8.871766] PPP generic driver version 2.4.2
[    8.893759] ehci_hcd: USB 2.0 'Enhanced' Host Controller (EHCI) Driver
[    8.901660] ehci-pci: EHCI PCI platform driver
[    8.905069] ehci-platform: EHCI generic platform driver
[    8.918487] ohci_hcd: USB 1.1 'Open' Host Controller (OHCI) Driver
[    8.933960] ohci-pci: OHCI PCI platform driver
[    8.939854] ohci-platform: OHCI generic platform driver
[    8.943558] uhci_hcd: USB Universal Host Controller Interface driver
[    8.982568] i8042: PNP: PS/2 Controller [PNP0303:PS2K,PNP0f03:PS2M] at 0x60,0x64 irq 1,12
[    8.992088] serio: i8042 KBD port at 0x60,0x64 irq 1
[    8.997834] serio: i8042 AUX port at 0x60,0x64 irq 12
[    9.018427] mousedev: PS/2 mouse device common for all mice
[    9.028818] input: AT Translated Set 2 keyboard as /devices/platform/i8042/serio0/input/input2
[    9.057162] rtc_cmos rtc_cmos: rtc core: registered rtc_cmos as rtc0
[    9.059665] rtc_cmos rtc_cmos: alarms up to one day, 114 bytes nvram
[    9.067025] i2c /dev entries driver
[    9.068618] device-mapper: uevent: version 1.0.3
[    9.097671] device-mapper: ioctl: 4.34.0-ioctl (2015-10-28) initialised: dm-devel@redhat.com
[    9.113364] ledtrig-cpu: registered to indicate activity on CPUs
[    9.119043] NET: Registered protocol family 10
[    9.131101] NET: Registered protocol family 17
[    9.165243] Key type dns_resolver registered
[    9.174916] microcode: CPU0 sig=0x306d4, pf=0x40, revision=0x0
[    9.193951] microcode: CPU1 sig=0x306d4, pf=0x40, revision=0x0
[    9.326616] microcode: Microcode Update Driver: v2.01 <tigran@aivazian.fsnet.co.uk>, Peter Oruba
[    9.366101] registered taskstats version 1
[    9.385576] Loading compiled-in X.509 certificates
[    9.392945] Loaded X.509 cert 'Build time autogenerated kernel key: 420a71e958a947963108b13c1c2e45412a03ca90'
[    9.415595] zswap: loaded using pool lzo/zbud
[    9.441374] Key type trusted registered
[    9.454862] Key type encrypted registered
[    9.466555] AppArmor: AppArmor sha1 policy hashing enabled
[    9.475813] ima: No TPM chip found, activating TPM-bypass!
[    9.506944] evm: HMAC attrs: 0x1
[    9.516851]   Magic number: 13:943:133
[    9.528462] rtc_cmos rtc_cmos: setting system clock to 2017-08-17 15:06:28 UTC (1502982388)
[    9.544022] BIOS EDD facility v0.16 2004-Jun-25, 0 devices found
[    9.554632] EDD information not available.
[    9.568709] Freeing unused kernel memory: 1488K (ffffffff81f45000 - ffffffff820b9000)
[    9.584589] Write protecting the kernel read-only data: 14336k
[    9.607340] Freeing unused kernel memory: 1752K (ffff88000184a000 - ffff880001a00000)
[    9.623986] Freeing unused kernel memory: 112K (ffff880001de4000 - ffff880001e00000)
Loading, please wait...
starting version[    9.662441] random: systemd-udevd: uninitialized urandom read (16 bytes read, 5 bits of entropy available)
 229
[    9.662975] random: udevadm: uninitialized urandom read (16 bytes read, 5 bits of entropy available)
[    9.663013] random: udevadm: uninitialized urandom read (16 bytes read, 5 bits of entropy available)
[    9.663133] random: udevadm: uninitialized urandom read (16 bytes read, 5 bits of entropy available)
[    9.663175] random: udevadm: uninitialized urandom read (16 bytes read, 5 bits of entropy available)
[    9.663214] random: udevadm: uninitialized urandom read (16 bytes read, 5 bits of entropy available)
[    9.663341] random: udevadm: uninitialized urandom read (16 bytes read, 5 bits of entropy available)
[    9.663439] random: udevadm: uninitialized urandom read (16 bytes read, 5 bits of entropy available)
[    9.663494] random: udevadm: uninitialized urandom read (16 bytes read, 5 bits of entropy available)
[    9.663553] random: udevadm: uninitialized urandom read (16 bytes read, 5 bits of entropy available)
[   10.119925] e1000: Intel(R) PRO/1000 Network Driver - version 7.3.21-k8-NAPI
[   10.123851] e1000: Copyright (c) 1999-2006 Intel Corporation.
[   10.125453] Fusion MPT base driver 3.04.20
[   10.145552] Copyright (c) 1999-2008 LSI Corporation
[   10.171809] Fusion MPT SPI Host driver 3.04.20
[   10.200173] AVX version of gcm_enc/dec engaged.
[   10.206358] AES CTR mode by8 optimization enabled
[   10.369943] input: ImExPS/2 Generic Explorer Mouse as /devices/platform/i8042/serio1/input/input4
[   10.606078] e1000 0000:00:03.0 eth0: (PCI:33MHz:32-bit) 02:c0:e2:3c:71:11
[   10.615102] e1000 0000:00:03.0 eth0: Intel(R) PRO/1000 Network Connection
[   11.064540] e1000 0000:00:08.0 eth1: (PCI:33MHz:32-bit) 08:00:27:7e:e3:2b
[   11.093223] e1000 0000:00:08.0 eth1: Intel(R) PRO/1000 Network Connection
[   11.155437] mptbase: ioc0: Initiating bringup
[   11.155944] e1000 0000:00:03.0 enp0s3: renamed from eth0
[   11.246482] e1000 0000:00:08.0 enp0s8: renamed from eth1
[   11.362380] ioc0: LSI53C1030 A0: Capabilities={Initiator}
[   11.596292] scsi host2: ioc0: LSI53C1030 A0, FwRev=00000000h, Ports=1, MaxQ=256, IRQ=20
[   11.750911] scsi 2:0:0:0: Direct-Access     VBOX     HARDDISK         1.0  PQ: 0 ANSI: 5
[   11.762890] scsi target2:0:0: Beginning Domain Validation
[   11.802018] scsi target2:0:0: Domain Validation skipping write tests
[   11.837072] scsi target2:0:0: Ending Domain Validation
[   11.857336] scsi target2:0:0: asynchronous
[   11.863037] scsi 2:0:1:0: Direct-Access     VBOX     HARDDISK         1.0  PQ: 0 ANSI: 5
[   11.874395] scsi target2:0:1: Beginning Domain Validation
[   11.882665] scsi target2:0:1: Domain Validation skipping write tests
[   11.937648] scsi target2:0:1: Ending Domain Validation
[   11.966265] scsi target2:0:1: asynchronous
[   12.043429] sd 2:0:0:0: [sda] 20971520 512-byte logical blocks: (10.7 GB/10.0 GiB)
[   12.043659] sd 2:0:0:0: Attached scsi generic sg0 type 0
[   12.139434] sd 2:0:1:0: Attached scsi generic sg1 type 0
[   12.140402] sd 2:0:1:0: [sdb] 20480 512-byte logical blocks: (10.5 MB/10.0 MiB)
[   12.140902] sd 2:0:1:0: [sdb] Write Protect is off
[   12.141125] sd 2:0:1:0: [sdb] Incomplete mode parameter data
[   12.141127] sd 2:0:1:0: [sdb] Assuming drive cache: write through
[   12.143902] sd 2:0:1:0: [sdb] Attached SCSI disk
[   12.436192] sd 2:0:0:0: [sda] Write Protect is off
[   12.469307] sd 2:0:0:0: [sda] Incomplete mode parameter data
[   12.534644] sd 2:0:0:0: [sda] Assuming drive cache: write through
[   12.599882]  sda: sda1
[   12.605138] sd 2:0:0:0: [sda] Attached SCSI disk
[   13.162003] floppy0: no floppy controllers found
Begin: Loading essential drivers[   14.654783] md: linear personality registered for level -1
 ... [   14.692267] md: multipath personality registered for level -4
[   14.726247] md: raid0 personality registered for level 0
[   14.771925] md: raid1 personality registered for level 1
[   14.881595] raid6: sse2x1   gen()  7419 MB/s
[   15.001769] raid6: sse2x1   xor()  5546 MB/s
[   15.109589] raid6: sse2x2   gen()  5546 MB/s
[   15.205921] raid6: sse2x2   xor()  5131 MB/s
[   15.325607] raid6: sse2x4   gen() 10471 MB/s
[   15.449855] raid6: sse2x4   xor()  7020 MB/s
[   15.505167] raid6: using algorithm sse2x4 gen() 10471 MB/s
[   15.533235] raid6: .... xor() 7020 MB/s, rmw enabled
[   15.571734] raid6: using ssse3x2 recovery algorithm
[   15.628289] xor: automatically using best checksumming function:
[   15.737579]    avx       : 15263.000 MB/sec
[   15.796497] async_tx: api initialized (async)
[   15.853549] md: raid6 personality registered for level 6
[   15.891399] md: raid5 personality registered for level 5
[   15.931364] md: raid4 personality registered for level 4
[   16.002830] md: raid10 personality registered for level 10
done.
Begin: Running /scripts/init-premount ... done.
Begin: Mounting root fil[   16.068580] Btrfs loaded
e system ... Begin: Running /scripts/local-top ... done.
Begin: Running /scripts/local-premount ... Scanning for Btrfs filesystems
done.
Warning: fsck no[   16.141392] EXT4-fs (sda1): mounted filesystem with ordered data mode. Opts: (null)
t present, so skipping root file system
done.
Begin: Running /scripts/local-bottom ... done.
Begin: Running /scripts/init-bottom ... done.
[   16.375973] systemd[1]: systemd 229 running in system mode. (+PAM +AUDIT +SELINUX +IMA +APPARMOR +SMACK +SYSVINIT +UTMP +LIBCRYPTSETUP +GCRYPT +GNUTLS +ACL +XZ -LZ4 +SECCOMP +BLKID +ELFUTILS +KMOD -IDN)
[   16.419604] systemd[1]: Detected virtualization oracle.
[   16.437430] systemd[1]: Detected architecture x86-64.

Welcome to [1mUbuntu 16.04.3 LTS[0m!

[   16.515598] systemd[1]: Set hostname to <ubuntu>.
[   16.591582] systemd[1]: Initializing machine ID from random generator.
[   16.632306] systemd[1]: Installed transient /etc/machine-id file.
[   17.017817] systemd[1]: Listening on LVM2 metadata daemon socket.
[[0;32m  OK  [0m] Listening on LVM2 metadata daemon socket.
[   17.054486] systemd[1]: Listening on udev Kernel Socket.
[[0;32m  OK  [0m] Listening on udev Kernel Socket.
[   17.115066] systemd[1]: Created slice System Slice.
[[0;32m  OK  [0m] Created slice System Slice.
[   17.166787] systemd[1]: Listening on Journal Socket.
[[0;32m  OK  [0m] Listening on Journal Socket.
[   17.186404] systemd[1]: Listening on Journal Audit Socket.
[[0;32m  OK  [0m] Listening on Journal Audit Socket.
[   17.227060] systemd[1]: Created slice User and Session Slice.
[[0;32m  OK  [0m] Created slice User and Session Slice.
[   17.261123] systemd[1]: Reached target Slices.
[[0;32m  OK  [0m] Reached target Slices.
[   17.302110] systemd[1]: Starting Uncomplicated firewall...
         Startin[   17.310517] random: nonblocking pool is initialized
g Uncomplicated firewall...
[   17.327609] systemd[1]: Listening on udev Control Socket.
[[0;32m  OK  [0m] Listening on udev Control Socket.
[   17.358553] systemd[1]: Starting Nameserver information manager...
         Starting Nameserver information manager...
[   17.402552] systemd[1]: Starting Set console keymap...
         Starting Set console keymap...
[   17.449054] systemd[1]: Listening on Journal Socket (/dev/log).
[[0;32m  OK  [0m] Listening on Journal Socket (/dev/log).
[   17.498392] systemd[1]: Listening on /dev/initctl Compatibility Named Pipe.
[[0;32m  OK  [0m] Listening on /dev/initctl Compatibility Named Pipe.
[   17.562174] systemd[1]: Listening on LVM2 poll daemon socket.
[[0;32m  OK  [0m] Listening on LVM2 poll daemon socket.
[   17.638662] systemd[1]: Created slice system-serial\x2dgetty.slice.
[[0;32m  OK  [0m] Created slice system-serial\x2dgetty.slice.
[   17.678757] systemd[1]: Mounting Huge Pages File System...
         Mounting Huge Pages File System...
[   17.741928] systemd[1]: Reached target User and Group Name Lookups.
[[0;32m  OK  [0m] Reached target User and Group Name Lookups.
[   17.850121] systemd[1]: Starting Remount Root and Kernel File Systems...
[   17.857554] EXT4-fs (sda1): re-mounted. Opts: (null)
         Starting Remount Root and Kernel File Systems...
[   17.990097] systemd[1]: Started Trigger resolvconf update for networkd DNS.
[[0;32m  OK  [0m] Started Trigger resolvconf update for networkd DNS.
[   18.054906] systemd[1]: Mounting Debug File System...
         Mounting Debug File System...
[   18.086381] systemd[1]: Reached target Encrypted Volumes.
[[0;32m  OK  [0m] Reached target Encrypted Volumes.
[   18.150614] systemd[1]: Starting Load Kernel Modules...
[   18.175571] Loading iSCSI transport class v2.0-870.
         Starting Load Kernel Modules...
[   18.190794] iscsi: registered transport (tcp)
[   18.218526] systemd[1]: Started Forward Password Requests to Wall Directory Watch.
[[0;32m  OK  [0m] Started Forward Password Requests to Wall Directory Watch.
[   18.310542] systemd[1]: Listening on Device-mapper event daemon FIFOs.
[[0;32m  OK  [0m] Listening on Device-mapper event daemon FIFOs.
[   18.406104] iscsi: registered transport (iser)
[   18.425954] systemd[1]: Starting Monitoring of LVM2 mirrors, snapshots etc. using dmeventd or progress polling...
         Starting Monitoring of LVM2 mirrors... dmeventd or progress polling...
[   18.509092] systemd[1]: Listening on Syslog Socket.
[[0;32m  OK  [0m] Listening on Syslog Socket.
[   18.550143] systemd[1]: Starting Journal Service...
         Starting Journal Service...
[   18.574735] systemd[1]: Reached target Swap.
[[0;32m  OK  [0m] Reached target Swap.
[   18.629802] systemd[1]: Mounting POSIX Message Queue File System...
         Mounting POSIX Message Queue File System...
[   18.680224] systemd[1]: Set up automount Arbitrary Executable File Formats File System Automount Point.
[[0;32m  OK  [0m] Set up automount Arbitrary Executab...ats File System Automount Point.
[   18.798042] systemd[1]: Starting Create list of required static device nodes for the current kernel...
         Starting Create list of required st... nodes for the current kernel...
[   18.871604] systemd[1]: Mounted POSIX Message Queue File System.
[[0;32m  OK  [0m] Mounted POSIX Message Queue File System.
[   18.990363] systemd[1]: Mounted Huge Pages File System.
[[0;32m  OK  [0m] Mounted Huge Pages File System.
[   19.078254] systemd[1]: Mounted Debug File System.
[[0;32m  OK  [0m] Mounted Debug File System.
[   19.158696] systemd[1]: Started Journal Service.
[[0;32m  OK  [0m] Started Journal Service.
[[0;32m  OK  [0m] Started Uncomplicated firewall.
[[0;32m  OK  [0m] Started Set console keymap.
[[0;32m  OK  [0m] Started Remount Root and Kernel File Systems.
[[0;32m  OK  [0m] Started Load Kernel Modules.
[[0;32m  OK  [0m] Started Create list of required sta...ce nodes for the current kernel.
[[0;32m  OK  [0m] Started Nameserver information manager.
[[0;32m  OK  [0m] Started LVM2 metadata daemon.
         Starting Create Static Device Nodes in /dev...
         Mounting FUSE Control File System...
         Starting Apply Kernel Variables...
         Starting udev Coldplug all Devices...
         Starting Initial cloud-init job (pre-networking)...
         Starting Load/Save Random Seed...
         Starting Flush Journal to Persistent Storage...
[[0;32m  OK  [0m] Mounted FUSE Control File System.
[[0;32m  OK  [0m] Started Monitoring of LVM2 mirrors,...ng dmeventd or progress polling.
[[0;32m  OK  [0m] Started Create Static Device Nodes in /dev.
[[0;32m  OK  [0m] Started Apply Kernel Variables.
[[0;32m  OK  [0m] Started Load/Save Random Seed.
[[0;32m  OK  [0m] Started udev Coldplug all Devices.
[[0;32m  OK  [0m] Started Flush Journal to Persistent Storage.
         Starting udev Kernel Device Manager...
[[0;32m  OK  [0m] Started udev Kernel Device Manager.
[[0;32m  OK  [0m] Started Dispatch Password Requests to Console Directory Watch.
[[0;32m  OK  [0m] Reached target Local File Systems (Pre).
[[0;32m  OK  [0m] Reached target Local File Systems.
         Starting Commit a transient machine-id on disk...
         Starting LSB: AppArmor initialization...
         Starting Tell Plymouth To Write Out Runtime Data...
         Starting Set console font and keymap...
         Starting Create Volatile Files and Directories...
[[0;32m  OK  [0m] Started Commit a transient machine-id on disk.
[[0;32m  OK  [0m] Started Tell Plymouth To Write Out Runtime Data.
[[0;32m  OK  [0m] Started Create Volatile Files and Directories.
[[0;32m  OK  [0m] Found device /dev/ttyS0.
[[0;32m  OK  [0m] Reached target System Time Synchronized.
         Starting Update UTMP about System Boot/Shutdown...
[[0;32m  OK  [0m] Started Update UTMP about System Boot/Shutdown.
[[0;32m  OK  [0m] Listening on Load/Save RF Kill Switch Status /dev/rfkill Watch.
[   18.291174] cloud-init[453]: Cloud-init v. 0.7.9 running 'init-local' at Thu, 17 Aug 2017 15:06:40 +0000. Up 17.84 seconds.
[[0;32m  OK  [0m] Started Initial cloud-init job (pre-networking).
[[0;32m  OK  [0m] Started LSB: AppArmor initialization.
[[0;32m  OK  [0m] Reached target Network (Pre).
         Starting Raise network interfaces...
[[0;32m  OK  [0m] Started Set console font and keymap.
[[0;32m  OK  [0m] Created slice system-getty.slice.
[[0;32m  OK  [0m] Started Raise network interfaces.
         Starting Initial cloud-init job (metadata service crawler)...
[[0;32m  OK  [0m] Reached target Network.
[   21.449105] cloud-init[948]: Cloud-init v. 0.7.9 running 'init' at Thu, 17 Aug 2017 15:06:43 +0000. Up 20.78 seconds.
[   21.516633] cloud-init[948]: ci-info: ++++++++++++++++++++++++++++++++++++++Net device info++++++++++++++++++++++++++++++++++++++
[   21.517142] cloud-init[948]: ci-info: +--------+-------+----------------------------+---------------+-------+-------------------+
[[0;32m  OK  [0m] Started Initial cloud-init job (metadata service crawler).
[   21.517618] cloud-init[948]: ci-info: | Device |   Up  |          Address           |      Mask     | Scope |     Hw-Address    |
[   21.812685] cloud-init[948]: ci-info: +--------+-------+----------------------------+---------------+-------+-------------------+
[   21.813246] cloud-init[948]: ci-info: | enp0s8 | False |             .              |       .       |   .   | 08:00:27:7e:e3:2b |
[[0;32m  OK  [0m] Reached target Network is Online.
[   21.813545] cloud-init[948]: ci-info: | enp0s3 |  True |         10.0.2.15          | 255.255.255.0 |   .   | 02:c0:e2:3c:71:11 |
[   22.060427] cloud-init[948]: ci-info: | enp0s3 |  True | fe80::c0:e2ff:fe3c:7111/64 |       .       |  link | 02:c0:e2:3c:71:11 |
[   22.060934] cloud-init[948]: ci-info: |   lo   |  True |         127.0.0.1          |   255.0.0.0   |   .   |         .         |
         Starting iSCSI initiator daemon (iscsid)...
[   22.061258] cloud-init[948]: ci-info: |   lo   |  True |          ::1/128           |       .       |  host |         .         |
[   22.244973] cloud-init[948]: ci-info: +--------+-------+----------------------------+---------------+-------+-------------------+
[[0;32m  OK  [0m] Reached target System Initialization.
[   22.245170] cloud-init[948]: ci-info: +++++++++++++++++++++++++++Route IPv4 info++++++++++++++++++++++++++++
[   22.417237] cloud-init[948]: ci-info: +-------+-------------+----------+---------------+-----------+-------+
[   22.417824] cloud-init[948]: ci-info: | Route | Destination | Gateway  |    Genmask    | Interface | Flags |
[[0;32m  OK  [0m] Started ACPI Events Check.
[[   22.418103] cloud-init[948]: ci-info: +-------+-------------+----------+---------------+-----------+-------+
[   22.463882] cloud-init[948]: ci-info: |   0   |   0.0.0.0   | 10.0.2.2 |    0.0.0.0    |   enp0s3  |   UG  |
[0;32m  OK  [0m] Reached target Paths.
[[   22.463998] cloud-init[948]: ci-info: |   1   |   10.0.2.0  | 0.0.0.0  | 255.255.255.0 |   enp0s3  |   U   |
[   22.599934] cloud-init[948]: ci-info: +-------+-------------+----------+---------------+-----------+-------+
[0;32m  OK  [0m] Listening on D-Bus System Message Bus Socket.
[   22.600711] cloud-init[948]: Generating public/private rsa key pair.
[   22.752967] cloud-init[948]: Your identification has been saved in /etc/ssh/ssh_host_rsa_key.
[[0;32m  OK  [0m] Listening on UUID daemon activation socket.
[   22.753172] cloud-init[948]: Your public key has been saved in /etc/ssh/ssh_host_rsa_key.pub.
         [   22.975813] Starting LXD - unix socket.cloud-init
[948]: The key fingerprint is:
[   23.024639] cloud-init[948]: SHA256:1mAF7JCz+wtkXDlkGisOhY3kKvrfPIM1tcA1VHHNhn4 root@ubuntu-xenial
[   23.025177] cloud-init[948]: The key's randomart image is:
         Starting Socket activation for snappy daemon.
[[   23.025484] cloud-init[948]: +---[RSA 2048]----+
[   23.145522] cloud-init[948]: | ..+. .+=o+..+   |
[0;32m  OK  [0m] Started Timer to automatically refresh installed snaps.
[[   23.145706] cloud-init[948]: | .o.. +*+o .. +  |
[   23.241639] cloud-init[948]: |  o ..o**. . .   |
[   23.241968] cloud-init[948]: [0;32m  OK  [0m| . o o+oo+  . E  |] 
Started Daily Cleanup of Temporary Directories.
[   23.360790] cloud-init[948]: |o   . ++S..  .   |
[   23.361232] cloud-init[948]: |o    o+..        |
[[0;32m  OK  [0m] Listening on ACPID Listen Socket.
[[0;32m  OK  [0m[   23.361458] ] cloud-initStarted Daily apt download activities.[948]: 
|.    o.o         |
[   23.457487] cloud-init[948]: | .  .oo..        |
[   23.457768] cloud-init[948]: |  ... oo..       |
[[0;32m  OK  [0m] Started Daily apt upgrade and clean activities.
[   23.457901] cloud-init[948]: +----[SHA256]-----+
[   23.528446] cloud-init[948]: Generating public/private dsa key pair.
[[0;32m  OK  [0m] Reached target Timers.
[[   23.528660] cloud-init[948]: Your identification has been saved in /etc/ssh/ssh_host_dsa_key.
[   23.625418] cloud-init[948]: Your public key has been saved in /etc/ssh/ssh_host_dsa_key.pub.
[   23.625747] cloud-init[948]: The key fingerprint is:
[0;32m  OK  [0m] Reached target Cloud-config availability.
[   23.627621] cloud-init[948]: SHA256:IQ2a3E/EmTdBm9LiEGaxd+vg7YfTF0e6hiaKq8bcLR4 root@ubuntu-xenial
[   23.833749] cloud-init[948]: The key's randomart image is:
[[0;32m  OK  [0m[   23.834271] ] cloud-initListening on LXD - unix socket.[948]: 
+---[DSA 1024]----+
[   23.896681] cloud-init[948]: |      *o.+o.     |
[[0;32m  OK  [0m] [   23.897214] Listening on Socket activation for snappy daemon.cloud-init
[948]: |   . * *+.oo     |
[   23.965579] cloud-init[948]: |    + = B.=.     |
[   23.966104] cloud-init[948]: |       B = .    .|
[[0;32m  OK  [0m] Started iSCSI initiator daemon (iscsid).
[   23.966498] cloud-init[948]: |        S .    o |
         Starting Login to default iSCSI targets...
[[0;32m  OK  [0m] Reached target Sockets.
[[0;32m  OK  [0m] Reached target Basic System.
[[0;32m  OK  [0m] Started FUSE filesystem for LXC.
         Starting LSB: MD monitoring daemon...
[   24.091714] cloud-init[948]: |       . +    o .|
         [   24.268976] cloud-init[948]: |   o .E.. oo . + |
[   24.269153] cloud-init[948]: |    + oo..+ = +  |
[   24.269249] cloud-init[948]: |   ..o+o...= o   |
[   24.269426] cloud-init[948]: +----[SHA256]-----+
[   24.269481] cloud-init[948]: Generating public/private ecdsa key pair.
[   24.269516] cloud-init[948]: Your identification has been saved in /etc/ssh/ssh_host_ecdsa_key.
[   24.269551] cloud-init[948]: Your public key has been saved in /etc/ssh/ssh_host_ecdsa_key.pub.
[   24.269585] cloud-init[948]: The key fingerprint is:
[   24.269618] cloud-init[948]: SHA256:dL1m4UElpeUxGUwzNmEzVsmDDwFI3H9ClbOOnAAFUww root@ubuntu-xenial
[   24.269653] cloud-init[948]: The key's randomart image is:
[   24.269685] cloud-init[948]: +---[ECDSA 256]---+
[   24.269718] cloud-init[948]: |        oEO++*^*+|
[   24.269753] cloud-init[948]: |         +.= %o# |
[   24.269786] cloud-init[948]: |        . o B + +|
[   24.269820] cloud-init[948]: |       . . o * + |
[   24.269856] cloud-init[948]: |        S   B *  |
[   24.269889] cloud-init[948]: |           o + . |
[   24.269923] cloud-init[948]: |                 |
[   24.269955] cloud-init[948]: |                 |
[   24.269990] cloud-init[948]: |                 |
[   24.270021] cloud-init[948]: +----[SHA256]-----+
[   24.270054] cloud-init[948]: Generating public/private ed25519 key pair.
[   24.270088] cloud-init[948]: Your identification has been saved in /etc/ssh/ssh_host_ed25519_key.
[   24.270121] cloud-init[948]: Your public key has been saved in /etc/ssh/ssh_host_ed25519_key.pub.
[   24.270155] cloud-init[948]: The key fingerprint is:
[   24.270188] cloud-init[948]: SHA256:8jW/DW6H7ZhEDLvFI8vaqCIAh3xAK4l7BwUgKH4z2js root@ubuntu-xenial
[   24.270221] cloud-init[948]: The key's randomart image is:
[   24.270254] cloud-init[948]: +--[ED25519 256]--+
[   24.270290] cloud-init[948]: |=o...            |
[   24.270323] cloud-init[948]: |=o..             |
[   24.270356] cloud-init[948]: |Boo       .      |
[   24.270796] cloud-init[948]: |++.*       =     |
[   24.270905] cloud-init[948]: |o.* + . S = *    |
[   24.270980] cloud-init[948]: |.o o   o o O .   |
[   24.271049] cloud-init[948]: | .  .   . + +o   |
[   24.271116] cloud-init[948]: |  .E.    + oo*o  |
[   24.271868] cloud-init[948]: |   .....o ..=oo  |
Starting System Logging Service...
[   24.272540] cloud-init[948]: +----[SHA256]-----+
         Starting Accounts Service...
         Starting Apply the settings specified in cloud-config...
[[0;32m  OK  [0m] Started Regular background program processing daemon.
         Starting LSB: Record successful boot for GRUB...
         Starting Login Service...
[[0;32m  OK  [0m] Started Deferred execution scheduler.
[[0;32m  OK  [0m] Started ACPI event daemon.
[[0;32m  OK  [0m] Started Unattended Upgrades Shutdown.
         Starting Pollinate to seed the pseudo random number generator...
         Starting /etc/rc.local Compatibility...
[[0;32m  OK  [0m] Started Snappy daemon.
         Starting Auto import assertions from block devices...
[[0;32m  OK  [0m] Started D-Bus System Message Bus.
         Starting LXD - container startup/shutdown...
[[0;32m  OK  [0m] Started System Logging Service.
[[0;32m  OK  [0m] Started /etc/rc.local Compatibility.
[[0;32m  OK  [0m] Started Auto import assertions from block devices.
[[0;32m  OK  [0m] Started LXD - container startup/shutdown.
[[0;32m  OK  [0m] Started Login to default iSCSI targets.
[[0;32m  OK  [0m] Started LSB: MD monitoring daemon.
[[0;32m  OK  [0m] Started LSB: Record successful boot for GRUB.
[[0;32m  OK  [0m] Started Pollinate to seed the pseudo random number generator.
[[0;32m  OK  [0m] Started Login Service.
         Starting Authenticate and Authorize Users to Run Privileged Tasks...
         Starting OpenBSD Secure Shell server...
[[0;32m  OK  [0m] Reached target Remote File Systems (Pre).
[[0;32m  OK  [0m] Reached target Remote File Systems.
         Starting LSB: daemon to balance interrupts for SMP systems...
         Starting LSB: Set the CPU Frequency Scaling governor to "ondemand"...
         Starting Permit User Sessions...
         Starting LSB: automatic crash report generation...
         Starting LSB: VirtualBox Linux Additions...
[[0;32m  OK  [0m] Started OpenBSD Secure Shell server.
[[0;32m  OK  [0m] Started Permit User Sessions.
[[0;32m  OK  [0m] Started Authenticate and Authorize Users to Run Privileged Tasks.
[[0;32m  OK  [0m] Started Accounts Service.
[[0;32m  OK  [0m] Started LSB: Set the CPU Frequency Scaling governor to "ondemand".
[[0;32m  OK  [0m] Started LSB: daemon to balance interrupts for SMP systems.
         Starting Terminate Plymouth Boot Screen...
         Starting Hold until boot process finishes up...
[[0;32m  OK  [0m] Started LSB: automatic crash report generation.
[[0;32m  OK  [0m] Started Terminate Plymouth Boot Screen.
[[0;32m  OK  [0m] Started Hold until boot process finishes up.
[[0;32m  OK  [0m] Started LSB: VirtualBox Linux Additions.
[[0;32m  OK  [0m] Started Serial Getty on ttyS0.
         Starting Set console scheme...
[[0;32m  OK  [0m] Started Getty on tty1.
[[0;32m  OK  [0m] Reached target Login Prompts.
[[0;32m  OK  [0m] Reached target Multi-User System.
[[0;32m  OK  [0m] Reached target Graphical Interface.
[   26.654043] cloud-init[1064]: Generating locales (this might take a while)...
         Starting Update UTMP about System Runlevel Changes...
[[0;32m  OK  [0m] Started Set console scheme.
[[0;32m  OK  [0m] Started Update UTMP about System Runlevel Changes.
[   28.436939] cloud-init[1064]:   en_US.UTF-8... done
[   28.453203] cloud-init[1064]: Generation complete.
         Stopping OpenBSD Secure Shell server...
[[0;32m  OK  [0m] Stopped OpenBSD Secure Shell server.
         Starting OpenBSD Secure Shell server...
[[0;32m  OK  [0m] Started OpenBSD Secure Shell server.
[[0;32m  OK  [0m] Created slice User Slice of ubuntu.
         Starting User Manager for UID 1000...
[[0;32m  OK  [0m] Started Session 1 of user ubuntu.
[[0;32m  OK  [0m] Started User Manager for UID 1000.
[   29.089013] cloud-init[1064]: Cloud-init v. 0.7.9 running 'modules:config' at Thu, 17 Aug 2017 15:06:48 +0000. Up 26.29 seconds.
[[0;32m  OK  [0m] Started Apply the settings specified in cloud-config.
         Starting Execute cloud user/final scripts...
ci-info: no authorized ssh keys fingerprints found for user ubuntu.
<14>Aug 17 15:06:52 ec2: 
<14>Aug 17 15:06:52 ec2: #############################################################
<14>Aug 17 15:06:52 ec2: -----BEGIN SSH HOST KEY FINGERPRINTS-----
<14>Aug 17 15:06:52 ec2: 1024 SHA256:IQ2a3E/EmTdBm9LiEGaxd+vg7YfTF0e6hiaKq8bcLR4 root@ubuntu-xenial (DSA)
<14>Aug 17 15:06:52 ec2: 256 SHA256:dL1m4UElpeUxGUwzNmEzVsmDDwFI3H9ClbOOnAAFUww root@ubuntu-xenial (ECDSA)
<14>Aug 17 15:06:52 ec2: 256 SHA256:8jW/DW6H7ZhEDLvFI8vaqCIAh3xAK4l7BwUgKH4z2js root@ubuntu-xenial (ED25519)
<14>Aug 17 15:06:52 ec2: 2048 SHA256:1mAF7JCz+wtkXDlkGisOhY3kKvrfPIM1tcA1VHHNhn4 root@ubuntu-xenial (RSA)
<14>Aug 17 15:06:52 ec2: -----END SSH HOST KEY FINGERPRINTS-----
<14>Aug 17 15:06:52 ec2: #############################################################
-----BEGIN SSH HOST KEY KEYS-----
ecdsa-sha2-nistp256 AAAAE2VjZHNhLXNoYTItbmlzdHAyNTYAAAAIbmlzdHAyNTYAAABBBGCiLZ++oMby+KYObHk/lZ/Z6MNCQSzuwKMvfnVLdcLQbStnsm1yHB7bVHr62sCBOskZ3qDuHAzrlYMlac+XzvI= root@ubuntu-xenial
ssh-ed25519 AAAAC3NzaC1lZDI1NTE5AAAAIArCZAl94FEIVpTIgGc1Dg6UTpACNJoQH16tkpLw8ocK root@ubuntu-xenial
ssh-rsa AAAAB3NzaC1yc2EAAAADAQABAAABAQCUXThBdih5atV3xeABat+7cyAwnLGTOPgKmKcdHG/MxtmTECkwzTI/MR/pmFSgH9XxGZmH88dUwVL6YTT/Ad9LUDQSVyTVDVd5Nxl/GmLf5NVc2SrGHk3Rfw+YrumnAc28y0uYVT5tY6M0BLRjy+BR3LmRhZeQpCBf7Ca/xiPgM5OqZX643Pxw0tdzKb8Z/ef5i3Oap4bvfgF1wmOW2d+YwTpZ26/DEB8putFWRcOznMLxvXy0d+9O1wutPYiZRWvzPP+6opnCuUKU+bMWDBw8S6hZ4KbgxQfzfA9E9rk15aUYKKVE4WyZw6BLEJ75SkqCajeh/LFM5RwpPI5TlDoL root@ubuntu-xenial
-----END SSH HOST KEY KEYS-----
[   30.483716] cloud-init[1405]: Cloud-init v. 0.7.9 running 'modules:final' at Thu, 17 Aug 2017 15:06:52 +0000. Up 29.96 seconds.
[   30.490304] cloud-init[1405]: ci-info: no authorized ssh keys fingerprints found for user ubuntu.
[   30.507155] cloud-init[1405]: Cloud-init v. 0.7.9 finished at Thu, 17 Aug 2017 15:06:52 +0000. Datasource DataSourceNoCloud [seed=/dev/sdb][dsmode=net].  Up 30.46 seconds
[[0;32m  OK  [0m] Started Execute cloud user/final scripts.
[[0;32m  OK  [0m] Reached target Cloud-init target.

Ubuntu 16.04.3 LTS ubuntu-xenial ttyS0

ubuntu-xenial login: 